------------------------------------------------------------
Timing Analyzer Summary
------------------------------------------------------------

Type  : Slow 1100mV 85C Model Setup 'KEY[0]'
Slack : -5.345
TNS   : -970.107

Type  : Slow 1100mV 85C Model Hold 'KEY[0]'
Slack : 0.257
TNS   : 0.000

Type  : Slow 1100mV 85C Model Minimum Pulse Width 'KEY[0]'
Slack : -2.636
TNS   : -285.400

Type  : Slow 1100mV 0C Model Setup 'KEY[0]'
Slack : -5.211
TNS   : -917.167

Type  : Slow 1100mV 0C Model Hold 'KEY[0]'
Slack : 0.332
TNS   : 0.000

Type  : Slow 1100mV 0C Model Minimum Pulse Width 'KEY[0]'
Slack : -2.636
TNS   : -270.194

Type  : Fast 1100mV 85C Model Setup 'KEY[0]'
Slack : -2.674
TNS   : -449.456

Type  : Fast 1100mV 85C Model Hold 'KEY[0]'
Slack : 0.158
TNS   : 0.000

Type  : Fast 1100mV 85C Model Minimum Pulse Width 'KEY[0]'
Slack : -2.636
TNS   : -208.996

Type  : Fast 1100mV 0C Model Setup 'KEY[0]'
Slack : -2.340
TNS   : -380.428

Type  : Fast 1100mV 0C Model Hold 'KEY[0]'
Slack : 0.169
TNS   : 0.000

Type  : Fast 1100mV 0C Model Minimum Pulse Width 'KEY[0]'
Slack : -2.636
TNS   : -207.367

------------------------------------------------------------
